// Vitest Snapshot v1, https://vitest.dev/guide/snapshot.html

exports[`parse html 1`] = `
[
  {
    "content": [
      {
        "content": [
          {
            "attrs": {
              "colspan": 1,
              "colwidth": null,
              "rowspan": 1,
            },
            "content": [
              {
                "content": [
                  {
                    "text": "example1",
                    "type": "text",
                  },
                ],
                "type": "paragraph",
              },
            ],
            "type": "tableHeader",
          },
          {
            "attrs": {
              "colspan": 1,
              "colwidth": null,
              "rowspan": 1,
            },
            "content": [
              {
                "content": [
                  {
                    "text": "example2",
                    "type": "text",
                  },
                ],
                "type": "paragraph",
              },
            ],
            "type": "tableHeader",
          },
        ],
        "type": "tableRow",
      },
      {
        "content": [
          {
            "attrs": {
              "colspan": 1,
              "colwidth": null,
              "rowspan": 1,
            },
            "content": [
              {
                "content": [
                  {
                    "text": "example3",
                    "type": "text",
                  },
                ],
                "type": "paragraph",
              },
            ],
            "type": "tableCell",
          },
          {
            "attrs": {
              "colspan": 1,
              "colwidth": null,
              "rowspan": 1,
            },
            "content": [
              {
                "content": [
                  {
                    "text": "example4",
                    "type": "text",
                  },
                ],
                "type": "paragraph",
              },
            ],
            "type": "tableCell",
          },
        ],
        "type": "tableRow",
      },
    ],
    "type": "table",
  },
]
`;

exports[`parse markdown 1`] = `
[
  {
    "content": [
      {
        "content": [
          {
            "attrs": {
              "colspan": 1,
              "colwidth": null,
              "rowspan": 1,
            },
            "content": [
              {
                "content": [
                  {
                    "text": "example1",
                    "type": "text",
                  },
                ],
                "type": "paragraph",
              },
            ],
            "type": "tableHeader",
          },
          {
            "attrs": {
              "colspan": 1,
              "colwidth": null,
              "rowspan": 1,
            },
            "content": [
              {
                "content": [
                  {
                    "text": "example2",
                    "type": "text",
                  },
                ],
                "type": "paragraph",
              },
            ],
            "type": "tableHeader",
          },
        ],
        "type": "tableRow",
      },
      {
        "content": [
          {
            "attrs": {
              "colspan": 1,
              "colwidth": null,
              "rowspan": 1,
            },
            "content": [
              {
                "content": [
                  {
                    "text": "example3",
                    "type": "text",
                  },
                ],
                "type": "paragraph",
              },
            ],
            "type": "tableCell",
          },
          {
            "attrs": {
              "colspan": 1,
              "colwidth": null,
              "rowspan": 1,
            },
            "content": [
              {
                "content": [
                  {
                    "text": "example4",
                    "type": "text",
                  },
                ],
                "type": "paragraph",
              },
            ],
            "type": "tableCell",
          },
        ],
        "type": "tableRow",
      },
    ],
    "type": "table",
  },
]
`;
