// Vitest Snapshot v1, https://vitest.dev/guide/snapshot.html

exports[`parse html 1`] = `
[
  {
    "content": [
      {
        "text": "example1",
        "type": "text",
      },
    ],
    "type": "paragraph",
  },
  {
    "content": [
      {
        "text": "example2",
        "type": "text",
      },
    ],
    "type": "paragraph",
  },
]
`;

exports[`parse markdown 1`] = `
[
  {
    "content": [
      {
        "text": "example1",
        "type": "text",
      },
    ],
    "type": "paragraph",
  },
  {
    "content": [
      {
        "text": "example2",
        "type": "text",
      },
    ],
    "type": "paragraph",
  },
]
`;
